=== connectors ===
...........                                                              [100%]
11 passed in 0.14s
exit=0
=== customer ===
..........                                                               [100%]
10 passed in 1.87s
exit=0
=== deadlines ===
......                                                                   [100%]
6 passed in 0.17s
exit=0
=== feeds-tests ===
...........                                                              [100%]
11 passed in 0.19s
exit=0
=== filer ===
...                                                                      [100%]
3 passed in 2.79s
exit=0
=== mail ===
test_landing_pages_are_distinct_and_show_real_source_values (ventures.blocks.mail.tests.test_mail_acceptance.MailAcceptanceTests.test_landing_pages_are_distinct_and_show_real_source_values) ... ok
test_missing_address_is_uncertain_and_test_key_is_required (ventures.blocks.mail.tests.test_mail_acceptance.MailAcceptanceTests.test_missing_address_is_uncertain_and_test_key_is_required) ... ok
test_no_key_is_render_only_and_produces_print_proof (ventures.blocks.mail.tests.test_mail_acceptance.MailAcceptanceTests.test_no_key_is_render_only_and_produces_print_proof) ... ok
test_outreach_rules_and_suppression_prevent_send (ventures.blocks.mail.tests.test_mail_acceptance.MailAcceptanceTests.test_outreach_rules_and_suppression_prevent_send) ... ok

----------------------------------------------------------------------
Ran 4 tests in 0.002s

OK
exit=0
=== reader-tests ===
...                                                                      [100%]
3 passed in 0.02s
exit=0
=== reader-benchmark ===
{
  "agreement": 1.0,
  "agreement_percent": 100.0,
  "labeled_value_accuracy": 1.0,
  "labeled_value_accuracy_percent": 100.0,
  "fields": 7,
  "known_value_fields": 7,
  "documents": [
    {
      "id": "cpsc-quick-start",
      "sha256": "06bc1bb03cced5f2f9d31b65fd1a3a5dd1343f82a1ac35bbd599886aa10ad4db",
      "fields": {
        "certifier_id": {
          "expected": "ABCCo",
          "actual": "ABCCo",
          "page": 9,
          "confidence": 0.65,
          "uncertain": false,
          "matches_label": true
        },
        "product_id": {
          "expected": "A1234567",
          "actual": "A1234567",
          "page": 9,
          "confidence": 0.65,
          "uncertain": false,
          "matches_label": true
        },
        "version_id": {
          "expected": "V1",
          "actual": "V1",
          "page": 9,
          "confidence": 0.65,
          "uncertain": false,
          "matches_label": true
        }
      }
    },
    {
      "id": "cpsc-registry-guide",
      "sha256": "3ee0f00a7279f612d4f61e40a07573756e3e8c37b5f75e6241df38b6c4a2c966",
      "fields": {}
    },
    {
      "id": "fda-cosmetic-labeling-guide",
      "sha256": "dd1a9a676b6900e5e3f538a17d86e33bd7078a5dab791d59bc03551ffc2307b1",
      "fields": {
        "example_ingredient": {
          "expected": "castor oil",
          "actual": "castor oil",
          "page": 21,
          "confidence": 0.65,
          "uncertain": false,
          "matches_label": true
        }
      }
    },
    {
      "id": "fda-form-5067",
      "sha256": "b7d48413be069a5c12d7af4ee0cb4e6225b71ea2ad1249a22e01ab1618b6efef",
      "fields": {}
    },
    {
      "id": "gsa-bill-of-lading",
      "sha256": "b9ba2e02a3287ba070d5ec73a1704289042fe9eba86417d5a842620ebce5794c",
      "fields": {}
    },
    {
      "id": "epa-energy-bill",
      "sha256": "fa93ad0040856aac866d4fbe09192f21f91ff9f92a25ddc1007c37020cb38b19",
      "fields": {}
    },
    {
      "id": "wisconsin-property-tax-bill",
      "sha256": "47cd9dac82e0724243b07f726327d57cceb8a187bc89f6a135dd27143074bd42",
      "fields": {
        "parcel_number": {
          "expected": "12-116-0029-0000",
          "actual": "12-116-0029-0000",
          "page": 1,
          "confidence": 0.65,
          "uncertain": false,
          "matches_label": true
        },
        "owner_name": {
          "expected": "BILL AND SUE HOMEOWNER",
          "actual": "BILL AND SUE HOMEOWNER",
          "page": 1,
          "confidence": 0.65,
          "uncertain": false,
          "matches_label": true
        },
        "assessed_value": {
          "expected": "98,900",
          "actual": "98,900",
          "page": 1,
          "confidence": 0.65,
          "uncertain": false,
          "matches_label": true
        }
      }
    }
  ]
}
exit=0
=== rules ===
...                                                                      [100%]
3 passed in 0.01s
exit=0
=== feeds-live-first ===
{
  "cpsc_flagged_tariff_codes": {
    "rows": 0,
    "changed": false,
    "alerts": [
      "Feed sync alert (cpsc_flagged_tariff_codes): HTTPError: HTTP Error 403: Forbidden"
    ]
  },
  "cpsc_rule_codes": {
    "rows": 0,
    "changed": false,
    "alerts": [
      "Feed sync alert (cpsc_rule_codes): HTTPError: HTTP Error 403: Forbidden"
    ]
  },
  "cpsc_registry_template": {
    "rows": 0,
    "changed": false,
    "alerts": [
      "Feed sync alert (cpsc_registry_template): HTTPError: HTTP Error 403: Forbidden"
    ]
  },
  "cpsc_recalls": {
    "rows": 10047,
    "changed": false,
    "alerts": [
      "Feed sync alert (cpsc_recalls): TimeoutError: The read operation timed out"
    ]
  },
  "nhtsa_recalls": {
    "rows": 245855,
    "changed": false,
    "alerts": []
  },
  "fda_enforcement": {
    "rows": 87586,
    "changed": false,
    "alerts": []
  },
  "fsis_recalls": {
    "rows": 0,
    "changed": false,
    "alerts": [
      "Feed sync alert (fsis_recalls): HTTPError: HTTP Error 403: Forbidden"
    ]
  },
  "osha_ita": {
    "rows": 400288,
    "changed": false,
    "alerts": []
  },
  "dla_dibbs": {
    "rows": 0,
    "changed": false,
    "alerts": [
      "Feed sync alert (dla_dibbs): ValueError: DIBBS public source redirected to the DoD warning/consent page; no public solicitation feed is available without user acknowledgement. No acknowledgement or login was attempted. An owner must verify the official solicitation at https://www.dibbs.bsm.dla.mil/ and enter its exact link and details in the venture's local solicitations.json intake."
    ]
  },
  "cook_county_assessor": {
    "rows": 50000,
    "changed": false,
    "complete": false,
    "progress": {
      "downloaded": 50000,
      "total": 1864270,
      "tax_year": "2026"
    },
    "alerts": [
      "Sync progress: staged 50000 of 1864270 Cook County rows for tax year 2026; the next run will continue from row 50000. The previous complete snapshot remains active."
    ]
  }
}
exit=1
=== feeds-live-repeat ===
{
  "cpsc_flagged_tariff_codes": {
    "rows": 0,
    "changed": false,
    "alerts": [
      "Feed sync alert (cpsc_flagged_tariff_codes): HTTPError: HTTP Error 403: Forbidden"
    ]
  },
  "cpsc_rule_codes": {
    "rows": 0,
    "changed": false,
    "alerts": [
      "Feed sync alert (cpsc_rule_codes): HTTPError: HTTP Error 403: Forbidden"
    ]
  },
  "cpsc_registry_template": {
    "rows": 0,
    "changed": false,
    "alerts": [
      "Feed sync alert (cpsc_registry_template): HTTPError: HTTP Error 403: Forbidden"
    ]
  },
  "cpsc_recalls": {
    "rows": 10047,
    "changed": false,
    "alerts": []
  },
  "nhtsa_recalls": {
    "rows": 245855,
    "changed": false,
    "alerts": []
  },
  "fda_enforcement": {
    "rows": 87586,
    "changed": false,
    "alerts": []
  },
  "fsis_recalls": {
    "rows": 0,
    "changed": false,
    "alerts": [
      "Feed sync alert (fsis_recalls): HTTPError: HTTP Error 403: Forbidden"
    ]
  },
  "osha_ita": {
    "rows": 400288,
    "changed": false,
    "alerts": []
  },
  "dla_dibbs": {
    "rows": 0,
    "changed": false,
    "alerts": [
      "Feed sync alert (dla_dibbs): ValueError: DIBBS public source redirected to the DoD warning/consent page; no public solicitation feed is available without user acknowledgement. No acknowledgement or login was attempted. An owner must verify the official solicitation at https://www.dibbs.bsm.dla.mil/ and enter its exact link and details in the venture's local solicitations.json intake."
    ]
  },
  "cook_county_assessor": {
    "rows": 100000,
    "changed": false,
    "complete": false,
    "progress": {
      "downloaded": 100000,
      "total": 1864270,
      "tax_year": "2026"
    },
    "alerts": [
      "Sync progress: staged 100000 of 1864270 Cook County rows for tax year 2026; the next run will continue from row 100000. The previous complete snapshot remains active."
    ]
  }
}
exit=1
